[0.449s] [34mcolcon[0m [1;30mDEBUG[0m [32mCommand line arguments: ['/usr/bin/colcon', 'build'][0m
[0.449s] [34mcolcon[0m [1;30mDEBUG[0m [32mParsed command line arguments: Namespace(log_base=None, log_level=None, verb_name='build', build_base='build', install_base='install', merge_install=False, symlink_install=False, test_result_base=None, continue_on_error=False, executor='parallel', parallel_workers=1, event_handlers=None, ignore_user_meta=False, metas=['./colcon.meta'], base_paths=['.'], packages_ignore=None, packages_ignore_regex=None, paths=None, packages_up_to=None, packages_up_to_regex=None, packages_above=None, packages_above_and_dependencies=None, packages_above_depth=None, packages_select_by_dep=None, packages_skip_by_dep=None, packages_skip_up_to=None, packages_select_build_failed=False, packages_skip_build_finished=False, packages_select_test_failures=False, packages_skip_test_passed=False, packages_select=None, packages_skip=None, packages_select_regex=None, packages_skip_regex=None, packages_start=None, packages_end=None, allow_overriding=[], cmake_args=None, cmake_target=None, cmake_target_skip_unavailable=False, cmake_clean_cache=False, cmake_clean_first=False, cmake_force_configure=False, ament_cmake_args=None, catkin_cmake_args=None, catkin_skip_building_tests=False, verb_parser=<colcon_defaults.argument_parser.defaults.DefaultArgumentsDecorator object at 0x770e378ca200>, verb_extension=<colcon_core.verb.build.BuildVerb object at 0x770e379cf400>, main=<bound method BuildVerb.main of <colcon_core.verb.build.BuildVerb object at 0x770e379cf400>>)[0m
[0.823s] [34mcolcon.colcon_core.package_discovery[0m [1;30mLevel 1[0m discover_packages(colcon_meta) check parameters
[0.823s] [34mcolcon.colcon_core.package_discovery[0m [1;30mLevel 1[0m discover_packages(recursive) check parameters
[0.823s] [34mcolcon.colcon_core.package_discovery[0m [1;30mLevel 1[0m discover_packages(ignore) check parameters
[0.823s] [34mcolcon.colcon_core.package_discovery[0m [1;30mLevel 1[0m discover_packages(path) check parameters
[0.823s] [34mcolcon.colcon_core.package_discovery[0m [1;30mLevel 1[0m discover_packages(colcon_meta) discover
[0.823s] [34mcolcon.colcon_core.package_discovery[0m [1;30mLevel 1[0m discover_packages(recursive) discover
[0.823s] [34mcolcon.colcon_core.package_discovery[0m [1;30mINFO[0m Crawling recursively for packages in '/home/vboxuser/duckietown_ws'
[0.824s] [34mcolcon.colcon_core.package_identification[0m [1;30mLevel 1[0m _identify(.) by extensions ['ignore', 'ignore_ament_install']
[0.824s] [34mcolcon.colcon_core.package_identification[0m [1;30mLevel 1[0m _identify(.) by extension 'ignore'
[0.824s] [34mcolcon.colcon_core.package_identification[0m [1;30mLevel 1[0m _identify(.) by extension 'ignore_ament_install'
[0.824s] [34mcolcon.colcon_core.package_identification[0m [1;30mLevel 1[0m _identify(.) by extensions ['colcon_pkg']
[0.824s] [34mcolcon.colcon_core.package_identification[0m [1;30mLevel 1[0m _identify(.) by extension 'colcon_pkg'
[0.824s] [34mcolcon.colcon_core.package_identification[0m [1;30mLevel 1[0m _identify(.) by extensions ['colcon_meta']
[0.824s] [34mcolcon.colcon_core.package_identification[0m [1;30mLevel 1[0m _identify(.) by extension 'colcon_meta'
[0.824s] [34mcolcon.colcon_core.package_identification[0m [1;30mLevel 1[0m _identify(.) by extensions ['ros']
[0.824s] [34mcolcon.colcon_core.package_identification[0m [1;30mLevel 1[0m _identify(.) by extension 'ros'
[0.835s] [34mcolcon.colcon_core.package_identification[0m [1;30mLevel 1[0m _identify(.) by extensions ['cmake', 'python']
[0.835s] [34mcolcon.colcon_core.package_identification[0m [1;30mLevel 1[0m _identify(.) by extension 'cmake'
[0.835s] [34mcolcon.colcon_core.package_identification[0m [1;30mLevel 1[0m _identify(.) by extension 'python'
[0.835s] [34mcolcon.colcon_core.package_identification[0m [1;30mLevel 1[0m _identify(.) by extensions ['python_setup_py']
[0.835s] [34mcolcon.colcon_core.package_identification[0m [1;30mLevel 1[0m _identify(.) by extension 'python_setup_py'
[0.835s] [34mcolcon.colcon_core.package_identification[0m [1;30mLevel 1[0m _identify(build) by extensions ['ignore', 'ignore_ament_install']
[0.879s] [34mcolcon.colcon_core.package_identification[0m [1;30mLevel 1[0m _identify(build) by extension 'ignore'
[0.879s] [34mcolcon.colcon_core.package_identification[0m [1;30mLevel 1[0m _identify(build) ignored
[0.879s] [34mcolcon.colcon_core.package_identification[0m [1;30mLevel 1[0m _identify(duckietown_msgs) by extensions ['ignore', 'ignore_ament_install']
[0.880s] [34mcolcon.colcon_core.package_identification[0m [1;30mLevel 1[0m _identify(duckietown_msgs) by extension 'ignore'
[0.880s] [34mcolcon.colcon_core.package_identification[0m [1;30mLevel 1[0m _identify(duckietown_msgs) by extension 'ignore_ament_install'
[0.880s] [34mcolcon.colcon_core.package_identification[0m [1;30mLevel 1[0m _identify(duckietown_msgs) by extensions ['colcon_pkg']
[0.880s] [34mcolcon.colcon_core.package_identification[0m [1;30mLevel 1[0m _identify(duckietown_msgs) by extension 'colcon_pkg'
[0.880s] [34mcolcon.colcon_core.package_identification[0m [1;30mLevel 1[0m _identify(duckietown_msgs) by extensions ['colcon_meta']
[0.880s] [34mcolcon.colcon_core.package_identification[0m [1;30mLevel 1[0m _identify(duckietown_msgs) by extension 'colcon_meta'
[0.880s] [34mcolcon.colcon_core.package_identification[0m [1;30mLevel 1[0m _identify(duckietown_msgs) by extensions ['ros']
[0.880s] [34mcolcon.colcon_core.package_identification[0m [1;30mLevel 1[0m _identify(duckietown_msgs) by extension 'ros'
[0.884s] [34mcolcon.colcon_core.package_identification[0m [1;30mDEBUG[0m [32mPackage 'duckietown_msgs' with type 'ros.ament_cmake' and name 'duckietown_msgs'[0m
[0.884s] [34mcolcon.colcon_core.package_identification[0m [1;30mLevel 1[0m _identify(install) by extensions ['ignore', 'ignore_ament_install']
[0.884s] [34mcolcon.colcon_core.package_identification[0m [1;30mLevel 1[0m _identify(install) by extension 'ignore'
[0.884s] [34mcolcon.colcon_core.package_identification[0m [1;30mLevel 1[0m _identify(install) ignored
[0.884s] [34mcolcon.colcon_core.package_identification[0m [1;30mLevel 1[0m _identify(log) by extensions ['ignore', 'ignore_ament_install']
[0.885s] [34mcolcon.colcon_core.package_identification[0m [1;30mLevel 1[0m _identify(log) by extension 'ignore'
[0.885s] [34mcolcon.colcon_core.package_identification[0m [1;30mLevel 1[0m _identify(log) ignored
[0.885s] [34mcolcon.colcon_core.package_identification[0m [1;30mLevel 1[0m _identify(src) by extensions ['ignore', 'ignore_ament_install']
[0.885s] [34mcolcon.colcon_core.package_identification[0m [1;30mLevel 1[0m _identify(src) by extension 'ignore'
[0.885s] [34mcolcon.colcon_core.package_identification[0m [1;30mLevel 1[0m _identify(src) by extension 'ignore_ament_install'
[0.885s] [34mcolcon.colcon_core.package_identification[0m [1;30mLevel 1[0m _identify(src) by extensions ['colcon_pkg']
[0.885s] [34mcolcon.colcon_core.package_identification[0m [1;30mLevel 1[0m _identify(src) by extension 'colcon_pkg'
[0.885s] [34mcolcon.colcon_core.package_identification[0m [1;30mLevel 1[0m _identify(src) by extensions ['colcon_meta']
[0.885s] [34mcolcon.colcon_core.package_identification[0m [1;30mLevel 1[0m _identify(src) by extension 'colcon_meta'
[0.885s] [34mcolcon.colcon_core.package_identification[0m [1;30mLevel 1[0m _identify(src) by extensions ['ros']
[0.885s] [34mcolcon.colcon_core.package_identification[0m [1;30mLevel 1[0m _identify(src) by extension 'ros'
[0.885s] [34mcolcon.colcon_core.package_identification[0m [1;30mLevel 1[0m _identify(src) by extensions ['cmake', 'python']
[0.885s] [34mcolcon.colcon_core.package_identification[0m [1;30mLevel 1[0m _identify(src) by extension 'cmake'
[0.885s] [34mcolcon.colcon_core.package_identification[0m [1;30mLevel 1[0m _identify(src) by extension 'python'
[0.885s] [34mcolcon.colcon_core.package_identification[0m [1;30mLevel 1[0m _identify(src) by extensions ['python_setup_py']
[0.885s] [34mcolcon.colcon_core.package_identification[0m [1;30mLevel 1[0m _identify(src) by extension 'python_setup_py'
[0.885s] [34mcolcon.colcon_core.package_discovery[0m [1;30mLevel 1[0m discover_packages(recursive) using defaults
[0.885s] [34mcolcon.colcon_core.package_discovery[0m [1;30mLevel 1[0m discover_packages(ignore) discover
[0.885s] [34mcolcon.colcon_core.package_discovery[0m [1;30mLevel 1[0m discover_packages(ignore) using defaults
[0.885s] [34mcolcon.colcon_core.package_discovery[0m [1;30mLevel 1[0m discover_packages(path) discover
[0.885s] [34mcolcon.colcon_core.package_discovery[0m [1;30mLevel 1[0m discover_packages(path) using defaults
[1.029s] [34mcolcon.colcon_core.package_discovery[0m [1;30mLevel 1[0m discover_packages(prefix_path) check parameters
[1.029s] [34mcolcon.colcon_core.package_discovery[0m [1;30mLevel 1[0m discover_packages(prefix_path) discover
[1.030s] [34mcolcon.colcon_core.package_discovery[0m [1;30mLevel 1[0m discover_packages(prefix_path) using defaults
[1.031s] [34mcolcon.colcon_core.verb[0m [1;30mLevel 5[0m set package 'duckietown_msgs' build argument 'cmake_args' from command line to 'None'
[1.031s] [34mcolcon.colcon_core.verb[0m [1;30mLevel 5[0m set package 'duckietown_msgs' build argument 'cmake_target' from command line to 'None'
[1.031s] [34mcolcon.colcon_core.verb[0m [1;30mLevel 5[0m set package 'duckietown_msgs' build argument 'cmake_target_skip_unavailable' from command line to 'False'
[1.031s] [34mcolcon.colcon_core.verb[0m [1;30mLevel 5[0m set package 'duckietown_msgs' build argument 'cmake_clean_cache' from command line to 'False'
[1.031s] [34mcolcon.colcon_core.verb[0m [1;30mLevel 5[0m set package 'duckietown_msgs' build argument 'cmake_clean_first' from command line to 'False'
[1.031s] [34mcolcon.colcon_core.verb[0m [1;30mLevel 5[0m set package 'duckietown_msgs' build argument 'cmake_force_configure' from command line to 'False'
[1.031s] [34mcolcon.colcon_core.verb[0m [1;30mLevel 5[0m set package 'duckietown_msgs' build argument 'ament_cmake_args' from command line to 'None'
[1.031s] [34mcolcon.colcon_core.verb[0m [1;30mLevel 5[0m set package 'duckietown_msgs' build argument 'catkin_cmake_args' from command line to 'None'
[1.031s] [34mcolcon.colcon_core.verb[0m [1;30mLevel 5[0m set package 'duckietown_msgs' build argument 'catkin_skip_building_tests' from command line to 'False'
[1.031s] [34mcolcon.colcon_core.verb[0m [1;30mDEBUG[0m [32mBuilding package 'duckietown_msgs' with the following arguments: {'ament_cmake_args': None, 'build_base': '/home/vboxuser/duckietown_ws/build/duckietown_msgs', 'catkin_cmake_args': None, 'catkin_skip_building_tests': False, 'cmake_args': None, 'cmake_clean_cache': False, 'cmake_clean_first': False, 'cmake_force_configure': False, 'cmake_target': None, 'cmake_target_skip_unavailable': False, 'install_base': '/home/vboxuser/duckietown_ws/install/duckietown_msgs', 'merge_install': False, 'path': '/home/vboxuser/duckietown_ws/duckietown_msgs', 'symlink_install': False, 'test_result_base': None}[0m
[1.031s] [34mcolcon.colcon_core.executor[0m [1;30mINFO[0m Executing jobs using 'parallel' executor
[1.068s] [34mcolcon.colcon_parallel_executor.executor.parallel[0m [1;30mDEBUG[0m [32mrun_until_complete[0m
[1.069s] [34mcolcon.colcon_ros.task.ament_cmake.build[0m [1;30mINFO[0m Building ROS package in '/home/vboxuser/duckietown_ws/duckietown_msgs' with build type 'ament_cmake'
[1.069s] [34mcolcon.colcon_cmake.task.cmake.build[0m [1;30mINFO[0m Building CMake package in '/home/vboxuser/duckietown_ws/duckietown_msgs'
[1.071s] [34mcolcon.colcon_core.plugin_system[0m [1;30mINFO[0m Skipping extension 'colcon_core.shell.bat': Not used on non-Windows systems
[1.071s] [34mcolcon.colcon_core.shell[0m [1;30mINFO[0m Skip shell extension 'powershell' for command environment: Not usable outside of PowerShell
[1.071s] [34mcolcon.colcon_core.shell[0m [1;30mDEBUG[0m [32mSkip shell extension 'dsv' for command environment[0m
[1.177s] [34mcolcon.colcon_core.event_handler.log_command[0m [1;30mDEBUG[0m [32mInvoking command in '/home/vboxuser/duckietown_ws/build/duckietown_msgs': /usr/bin/cmake /home/vboxuser/duckietown_ws/duckietown_msgs -DCMAKE_INSTALL_PREFIX=/home/vboxuser/duckietown_ws/install/duckietown_msgs[0m
[1.395s] [34mcolcon.colcon_core.event_handler.log_command[0m [1;30mDEBUG[0m [32mInvoked command in '/home/vboxuser/duckietown_ws/build/duckietown_msgs' returned '1': /usr/bin/cmake /home/vboxuser/duckietown_ws/duckietown_msgs -DCMAKE_INSTALL_PREFIX=/home/vboxuser/duckietown_ws/install/duckietown_msgs[0m
[1.495s] [34mcolcon.colcon_core.environment[0m [1;30mLevel 1[0m create_environment_scripts_only(duckietown_msgs)
[1.497s] [34mcolcon.colcon_core.environment[0m [1;30mLevel 1[0m checking '/home/vboxuser/duckietown_ws/install/duckietown_msgs' for CMake module files
[1.498s] [34mcolcon.colcon_core.environment[0m [1;30mLevel 1[0m checking '/home/vboxuser/duckietown_ws/install/duckietown_msgs' for CMake config files
[1.498s] [34mcolcon.colcon_core.environment[0m [1;30mLevel 1[0m checking '/home/vboxuser/duckietown_ws/install/duckietown_msgs/bin'
[1.498s] [34mcolcon.colcon_core.environment[0m [1;30mLevel 1[0m checking '/home/vboxuser/duckietown_ws/install/duckietown_msgs/lib/pkgconfig/duckietown_msgs.pc'
[1.499s] [34mcolcon.colcon_core.environment[0m [1;30mLevel 1[0m checking '/home/vboxuser/duckietown_ws/install/duckietown_msgs/lib/python3.10/site-packages'
[1.500s] [34mcolcon.colcon_core.environment[0m [1;30mLevel 1[0m checking '/home/vboxuser/duckietown_ws/install/duckietown_msgs/bin'
[1.500s] [34mcolcon.colcon_core.shell[0m [1;30mINFO[0m Creating package script '/home/vboxuser/duckietown_ws/install/duckietown_msgs/share/duckietown_msgs/package.ps1'
[1.550s] [34mcolcon.colcon_core.shell[0m [1;30mINFO[0m Creating package descriptor '/home/vboxuser/duckietown_ws/install/duckietown_msgs/share/duckietown_msgs/package.dsv'
[1.551s] [34mcolcon.colcon_core.shell[0m [1;30mINFO[0m Creating package script '/home/vboxuser/duckietown_ws/install/duckietown_msgs/share/duckietown_msgs/package.sh'
[1.556s] [34mcolcon.colcon_core.shell[0m [1;30mINFO[0m Creating package script '/home/vboxuser/duckietown_ws/install/duckietown_msgs/share/duckietown_msgs/package.bash'
[1.563s] [34mcolcon.colcon_core.shell[0m [1;30mINFO[0m Creating package script '/home/vboxuser/duckietown_ws/install/duckietown_msgs/share/duckietown_msgs/package.zsh'
[1.564s] [34mcolcon.colcon_core.environment[0m [1;30mLevel 1[0m create_file_with_runtime_dependencies(/home/vboxuser/duckietown_ws/install/duckietown_msgs/share/colcon-core/packages/duckietown_msgs)
[1.590s] [34mcolcon.colcon_parallel_executor.executor.parallel[0m [1;30mDEBUG[0m [32mclosing loop[0m
[1.590s] [34mcolcon.colcon_parallel_executor.executor.parallel[0m [1;30mDEBUG[0m [32mloop closed[0m
[1.590s] [34mcolcon.colcon_parallel_executor.executor.parallel[0m [1;30mDEBUG[0m [32mrun_until_complete finished with '1'[0m
[1.590s] [34mcolcon.colcon_core.event_reactor[0m [1;30mDEBUG[0m [32mjoining thread[0m
[1.596s] [34mcolcon.colcon_core.plugin_system[0m [1;30mINFO[0m Skipping extension 'colcon_notification.desktop_notification.terminal_notifier': Not used on non-Darwin systems
[1.596s] [34mcolcon.colcon_core.plugin_system[0m [1;30mINFO[0m Skipping extension 'colcon_notification.desktop_notification.win32': Not used on non-Windows systems
[1.596s] [34mcolcon.colcon_notification.desktop_notification[0m [1;30mINFO[0m Sending desktop notification using 'notify2'
[1.653s] [34mcolcon.colcon_core.event_reactor[0m [1;30mDEBUG[0m [32mjoined thread[0m
[1.654s] [34mcolcon.colcon_core.shell[0m [1;30mINFO[0m Creating prefix script '/home/vboxuser/duckietown_ws/install/local_setup.ps1'
[1.662s] [34mcolcon.colcon_core.shell[0m [1;30mINFO[0m Creating prefix util module '/home/vboxuser/duckietown_ws/install/_local_setup_util_ps1.py'
[1.673s] [34mcolcon.colcon_core.shell[0m [1;30mINFO[0m Creating prefix chain script '/home/vboxuser/duckietown_ws/install/setup.ps1'
[1.683s] [34mcolcon.colcon_core.shell[0m [1;30mINFO[0m Creating prefix script '/home/vboxuser/duckietown_ws/install/local_setup.sh'
[1.685s] [34mcolcon.colcon_core.shell[0m [1;30mINFO[0m Creating prefix util module '/home/vboxuser/duckietown_ws/install/_local_setup_util_sh.py'
[1.686s] [34mcolcon.colcon_core.shell[0m [1;30mINFO[0m Creating prefix chain script '/home/vboxuser/duckietown_ws/install/setup.sh'
[1.692s] [34mcolcon.colcon_core.shell[0m [1;30mINFO[0m Creating prefix script '/home/vboxuser/duckietown_ws/install/local_setup.bash'
[1.694s] [34mcolcon.colcon_core.shell[0m [1;30mINFO[0m Creating prefix chain script '/home/vboxuser/duckietown_ws/install/setup.bash'
[1.709s] [34mcolcon.colcon_core.shell[0m [1;30mINFO[0m Creating prefix script '/home/vboxuser/duckietown_ws/install/local_setup.zsh'
[1.713s] [34mcolcon.colcon_core.shell[0m [1;30mINFO[0m Creating prefix chain script '/home/vboxuser/duckietown_ws/install/setup.zsh'
