[0.092s] Invoking command in '/home/vboxuser/duckietown_ws/build/duckietown_msgs': /usr/bin/cmake /home/vboxuser/duckietown_ws/duckietown_msgs -DCMAKE_INSTALL_PREFIX=/home/vboxuser/duckietown_ws/install/duckietown_msgs
[0.279s] [31mCMake Error at CMakeLists.txt:18 (find_package):
[0.279s]   By not providing "Findrosidl_default_generators.cmake" in CMAKE_MODULE_PATH
[0.279s]   this project has asked CMake to find a package configuration file provided
[0.279s]   by "rosidl_default_generators", but CMake did not find one.
[0.279s] 
[0.279s]   Could not find a package configuration file provided by
[0.279s]   "rosidl_default_generators" with any of the following names:
[0.279s] 
[0.279s]     rosidl_default_generatorsConfig.cmake
[0.279s]     rosidl_default_generators-config.cmake
[0.279s] 
[0.279s]   Add the installation prefix of "rosidl_default_generators" to
[0.279s]   CMAKE_PREFIX_PATH or set "rosidl_default_generators_DIR" to a directory
[0.279s]   containing one of the above files.  If "rosidl_default_generators" provides
[0.279s]   a separate development package or SDK, be sure it has been installed.
[0.279s] 
[0.279s] [0m
[0.279s] -- Configuring incomplete, errors occurred!
[0.279s] See also "/home/vboxuser/duckietown_ws/build/duckietown_msgs/CMakeFiles/CMakeOutput.log".
[0.310s] Invoked command in '/home/vboxuser/duckietown_ws/build/duckietown_msgs' returned '1': /usr/bin/cmake /home/vboxuser/duckietown_ws/duckietown_msgs -DCMAKE_INSTALL_PREFIX=/home/vboxuser/duckietown_ws/install/duckietown_msgs
