[0.233s] [34mcolcon[0m [1;30mDEBUG[0m [32mCommand line arguments: ['/usr/bin/colcon', 'build', '--symlink-install'][0m
[0.233s] [34mcolcon[0m [1;30mDEBUG[0m [32mParsed command line arguments: Namespace(log_base=None, log_level=None, verb_name='build', build_base='build', install_base='install', merge_install=False, symlink_install=True, test_result_base=None, continue_on_error=False, executor='parallel', parallel_workers=1, event_handlers=None, ignore_user_meta=False, metas=['./colcon.meta'], base_paths=['.'], packages_ignore=None, packages_ignore_regex=None, paths=None, packages_up_to=None, packages_up_to_regex=None, packages_above=None, packages_above_and_dependencies=None, packages_above_depth=None, packages_select_by_dep=None, packages_skip_by_dep=None, packages_skip_up_to=None, packages_select_build_failed=False, packages_skip_build_finished=False, packages_select_test_failures=False, packages_skip_test_passed=False, packages_select=None, packages_skip=None, packages_select_regex=None, packages_skip_regex=None, packages_start=None, packages_end=None, allow_overriding=[], cmake_args=None, cmake_target=None, cmake_target_skip_unavailable=False, cmake_clean_cache=False, cmake_clean_first=False, cmake_force_configure=False, ament_cmake_args=None, catkin_cmake_args=None, catkin_skip_building_tests=False, verb_parser=<colcon_defaults.argument_parser.defaults.DefaultArgumentsDecorator object at 0x74994c8ed6f0>, verb_extension=<colcon_core.verb.build.BuildVerb object at 0x74994c9e68f0>, main=<bound method BuildVerb.main of <colcon_core.verb.build.BuildVerb object at 0x74994c9e68f0>>)[0m
[0.553s] [34mcolcon.colcon_core.package_discovery[0m [1;30mLevel 1[0m discover_packages(colcon_meta) check parameters
[0.559s] [34mcolcon.colcon_core.package_discovery[0m [1;30mLevel 1[0m discover_packages(recursive) check parameters
[0.559s] [34mcolcon.colcon_core.package_discovery[0m [1;30mLevel 1[0m discover_packages(ignore) check parameters
[0.559s] [34mcolcon.colcon_core.package_discovery[0m [1;30mLevel 1[0m discover_packages(path) check parameters
[0.559s] [34mcolcon.colcon_core.package_discovery[0m [1;30mLevel 1[0m discover_packages(colcon_meta) discover
[0.559s] [34mcolcon.colcon_core.package_discovery[0m [1;30mLevel 1[0m discover_packages(recursive) discover
[0.559s] [34mcolcon.colcon_core.package_discovery[0m [1;30mINFO[0m Crawling recursively for packages in '/home/vboxuser/duckietown_ws'
[0.559s] [34mcolcon.colcon_core.package_identification[0m [1;30mLevel 1[0m _identify(.) by extensions ['ignore', 'ignore_ament_install']
[0.559s] [34mcolcon.colcon_core.package_identification[0m [1;30mLevel 1[0m _identify(.) by extension 'ignore'
[0.560s] [34mcolcon.colcon_core.package_identification[0m [1;30mLevel 1[0m _identify(.) by extension 'ignore_ament_install'
[0.560s] [34mcolcon.colcon_core.package_identification[0m [1;30mLevel 1[0m _identify(.) by extensions ['colcon_pkg']
[0.560s] [34mcolcon.colcon_core.package_identification[0m [1;30mLevel 1[0m _identify(.) by extension 'colcon_pkg'
[0.560s] [34mcolcon.colcon_core.package_identification[0m [1;30mLevel 1[0m _identify(.) by extensions ['colcon_meta']
[0.560s] [34mcolcon.colcon_core.package_identification[0m [1;30mLevel 1[0m _identify(.) by extension 'colcon_meta'
[0.560s] [34mcolcon.colcon_core.package_identification[0m [1;30mLevel 1[0m _identify(.) by extensions ['ros']
[0.560s] [34mcolcon.colcon_core.package_identification[0m [1;30mLevel 1[0m _identify(.) by extension 'ros'
[0.583s] [34mcolcon.colcon_core.package_identification[0m [1;30mLevel 1[0m _identify(.) by extensions ['cmake', 'python']
[0.583s] [34mcolcon.colcon_core.package_identification[0m [1;30mLevel 1[0m _identify(.) by extension 'cmake'
[0.583s] [34mcolcon.colcon_core.package_identification[0m [1;30mLevel 1[0m _identify(.) by extension 'python'
[0.583s] [34mcolcon.colcon_core.package_identification[0m [1;30mLevel 1[0m _identify(.) by extensions ['python_setup_py']
[0.583s] [34mcolcon.colcon_core.package_identification[0m [1;30mLevel 1[0m _identify(.) by extension 'python_setup_py'
[0.583s] [34mcolcon.colcon_core.package_identification[0m [1;30mLevel 1[0m _identify(build) by extensions ['ignore', 'ignore_ament_install']
[0.583s] [34mcolcon.colcon_core.package_identification[0m [1;30mLevel 1[0m _identify(build) by extension 'ignore'
[0.583s] [34mcolcon.colcon_core.package_identification[0m [1;30mLevel 1[0m _identify(build) ignored
[0.584s] [34mcolcon.colcon_core.package_identification[0m [1;30mLevel 1[0m _identify(duckietown_msgs) by extensions ['ignore', 'ignore_ament_install']
[0.584s] [34mcolcon.colcon_core.package_identification[0m [1;30mLevel 1[0m _identify(duckietown_msgs) by extension 'ignore'
[0.584s] [34mcolcon.colcon_core.package_identification[0m [1;30mLevel 1[0m _identify(duckietown_msgs) by extension 'ignore_ament_install'
[0.584s] [34mcolcon.colcon_core.package_identification[0m [1;30mLevel 1[0m _identify(duckietown_msgs) by extensions ['colcon_pkg']
[0.584s] [34mcolcon.colcon_core.package_identification[0m [1;30mLevel 1[0m _identify(duckietown_msgs) by extension 'colcon_pkg'
[0.584s] [34mcolcon.colcon_core.package_identification[0m [1;30mLevel 1[0m _identify(duckietown_msgs) by extensions ['colcon_meta']
[0.584s] [34mcolcon.colcon_core.package_identification[0m [1;30mLevel 1[0m _identify(duckietown_msgs) by extension 'colcon_meta'
[0.584s] [34mcolcon.colcon_core.package_identification[0m [1;30mLevel 1[0m _identify(duckietown_msgs) by extensions ['ros']
[0.584s] [34mcolcon.colcon_core.package_identification[0m [1;30mLevel 1[0m _identify(duckietown_msgs) by extension 'ros'
[0.591s] [34mcolcon.colcon_core.package_identification[0m [1;30mDEBUG[0m [32mPackage 'duckietown_msgs' with type 'ros.ament_cmake' and name 'duckietown_msgs'[0m
[0.591s] [34mcolcon.colcon_core.package_identification[0m [1;30mLevel 1[0m _identify(install) by extensions ['ignore', 'ignore_ament_install']
[0.591s] [34mcolcon.colcon_core.package_identification[0m [1;30mLevel 1[0m _identify(install) by extension 'ignore'
[0.591s] [34mcolcon.colcon_core.package_identification[0m [1;30mLevel 1[0m _identify(install) ignored
[0.591s] [34mcolcon.colcon_core.package_identification[0m [1;30mLevel 1[0m _identify(log) by extensions ['ignore', 'ignore_ament_install']
[0.591s] [34mcolcon.colcon_core.package_identification[0m [1;30mLevel 1[0m _identify(log) by extension 'ignore'
[0.591s] [34mcolcon.colcon_core.package_identification[0m [1;30mLevel 1[0m _identify(log) ignored
[0.591s] [34mcolcon.colcon_core.package_identification[0m [1;30mLevel 1[0m _identify(src) by extensions ['ignore', 'ignore_ament_install']
[0.591s] [34mcolcon.colcon_core.package_identification[0m [1;30mLevel 1[0m _identify(src) by extension 'ignore'
[0.591s] [34mcolcon.colcon_core.package_identification[0m [1;30mLevel 1[0m _identify(src) by extension 'ignore_ament_install'
[0.592s] [34mcolcon.colcon_core.package_identification[0m [1;30mLevel 1[0m _identify(src) by extensions ['colcon_pkg']
[0.592s] [34mcolcon.colcon_core.package_identification[0m [1;30mLevel 1[0m _identify(src) by extension 'colcon_pkg'
[0.592s] [34mcolcon.colcon_core.package_identification[0m [1;30mLevel 1[0m _identify(src) by extensions ['colcon_meta']
[0.592s] [34mcolcon.colcon_core.package_identification[0m [1;30mLevel 1[0m _identify(src) by extension 'colcon_meta'
[0.592s] [34mcolcon.colcon_core.package_identification[0m [1;30mLevel 1[0m _identify(src) by extensions ['ros']
[0.592s] [34mcolcon.colcon_core.package_identification[0m [1;30mLevel 1[0m _identify(src) by extension 'ros'
[0.592s] [34mcolcon.colcon_core.package_identification[0m [1;30mLevel 1[0m _identify(src) by extensions ['cmake', 'python']
[0.592s] [34mcolcon.colcon_core.package_identification[0m [1;30mLevel 1[0m _identify(src) by extension 'cmake'
[0.592s] [34mcolcon.colcon_core.package_identification[0m [1;30mLevel 1[0m _identify(src) by extension 'python'
[0.592s] [34mcolcon.colcon_core.package_identification[0m [1;30mLevel 1[0m _identify(src) by extensions ['python_setup_py']
[0.592s] [34mcolcon.colcon_core.package_identification[0m [1;30mLevel 1[0m _identify(src) by extension 'python_setup_py'
[0.592s] [34mcolcon.colcon_core.package_discovery[0m [1;30mLevel 1[0m discover_packages(recursive) using defaults
[0.592s] [34mcolcon.colcon_core.package_discovery[0m [1;30mLevel 1[0m discover_packages(ignore) discover
[0.592s] [34mcolcon.colcon_core.package_discovery[0m [1;30mLevel 1[0m discover_packages(ignore) using defaults
[0.592s] [34mcolcon.colcon_core.package_discovery[0m [1;30mLevel 1[0m discover_packages(path) discover
[0.592s] [34mcolcon.colcon_core.package_discovery[0m [1;30mLevel 1[0m discover_packages(path) using defaults
[0.620s] [34mcolcon.colcon_core.package_discovery[0m [1;30mLevel 1[0m discover_packages(prefix_path) check parameters
[0.620s] [34mcolcon.colcon_core.package_discovery[0m [1;30mLevel 1[0m discover_packages(prefix_path) discover
[0.623s] [34mcolcon.colcon_installed_package_information.package_discovery[0m [1;30mDEBUG[0m [32mFound 184 installed packages in /opt/ros/humble[0m
[0.625s] [34mcolcon.colcon_core.package_discovery[0m [1;30mLevel 1[0m discover_packages(prefix_path) using defaults
[0.691s] [34mcolcon.colcon_core.verb[0m [1;30mLevel 5[0m set package 'duckietown_msgs' build argument 'cmake_args' from command line to 'None'
[0.691s] [34mcolcon.colcon_core.verb[0m [1;30mLevel 5[0m set package 'duckietown_msgs' build argument 'cmake_target' from command line to 'None'
[0.691s] [34mcolcon.colcon_core.verb[0m [1;30mLevel 5[0m set package 'duckietown_msgs' build argument 'cmake_target_skip_unavailable' from command line to 'False'
[0.691s] [34mcolcon.colcon_core.verb[0m [1;30mLevel 5[0m set package 'duckietown_msgs' build argument 'cmake_clean_cache' from command line to 'False'
[0.691s] [34mcolcon.colcon_core.verb[0m [1;30mLevel 5[0m set package 'duckietown_msgs' build argument 'cmake_clean_first' from command line to 'False'
[0.691s] [34mcolcon.colcon_core.verb[0m [1;30mLevel 5[0m set package 'duckietown_msgs' build argument 'cmake_force_configure' from command line to 'False'
[0.691s] [34mcolcon.colcon_core.verb[0m [1;30mLevel 5[0m set package 'duckietown_msgs' build argument 'ament_cmake_args' from command line to 'None'
[0.691s] [34mcolcon.colcon_core.verb[0m [1;30mLevel 5[0m set package 'duckietown_msgs' build argument 'catkin_cmake_args' from command line to 'None'
[0.691s] [34mcolcon.colcon_core.verb[0m [1;30mLevel 5[0m set package 'duckietown_msgs' build argument 'catkin_skip_building_tests' from command line to 'False'
[0.691s] [34mcolcon.colcon_core.verb[0m [1;30mDEBUG[0m [32mBuilding package 'duckietown_msgs' with the following arguments: {'ament_cmake_args': None, 'build_base': '/home/vboxuser/duckietown_ws/build/duckietown_msgs', 'catkin_cmake_args': None, 'catkin_skip_building_tests': False, 'cmake_args': None, 'cmake_clean_cache': False, 'cmake_clean_first': False, 'cmake_force_configure': False, 'cmake_target': None, 'cmake_target_skip_unavailable': False, 'install_base': '/home/vboxuser/duckietown_ws/install/duckietown_msgs', 'merge_install': False, 'path': '/home/vboxuser/duckietown_ws/duckietown_msgs', 'symlink_install': True, 'test_result_base': None}[0m
[0.692s] [34mcolcon.colcon_core.executor[0m [1;30mINFO[0m Executing jobs using 'parallel' executor
[0.693s] [34mcolcon.colcon_parallel_executor.executor.parallel[0m [1;30mDEBUG[0m [32mrun_until_complete[0m
[0.693s] [34mcolcon.colcon_ros.task.ament_cmake.build[0m [1;30mINFO[0m Building ROS package in '/home/vboxuser/duckietown_ws/duckietown_msgs' with build type 'ament_cmake'
[0.694s] [34mcolcon.colcon_cmake.task.cmake.build[0m [1;30mINFO[0m Building CMake package in '/home/vboxuser/duckietown_ws/duckietown_msgs'
[0.696s] [34mcolcon.colcon_core.plugin_system[0m [1;30mINFO[0m Skipping extension 'colcon_core.shell.bat': Not used on non-Windows systems
[0.696s] [34mcolcon.colcon_core.shell[0m [1;30mINFO[0m Skip shell extension 'powershell' for command environment: Not usable outside of PowerShell
[0.696s] [34mcolcon.colcon_core.shell[0m [1;30mDEBUG[0m [32mSkip shell extension 'dsv' for command environment[0m
[0.747s] [34mcolcon.colcon_core.event_handler.log_command[0m [1;30mDEBUG[0m [32mInvoking command in '/home/vboxuser/duckietown_ws/build/duckietown_msgs': CMAKE_PREFIX_PATH=/opt/ros/humble /usr/bin/cmake /home/vboxuser/duckietown_ws/duckietown_msgs -DAMENT_CMAKE_SYMLINK_INSTALL=1 -DCMAKE_INSTALL_PREFIX=/home/vboxuser/duckietown_ws/install/duckietown_msgs[0m
[5.120s] [34mcolcon.colcon_core.event_handler.log_command[0m [1;30mDEBUG[0m [32mInvoked command in '/home/vboxuser/duckietown_ws/build/duckietown_msgs' returned '0': CMAKE_PREFIX_PATH=/opt/ros/humble /usr/bin/cmake /home/vboxuser/duckietown_ws/duckietown_msgs -DAMENT_CMAKE_SYMLINK_INSTALL=1 -DCMAKE_INSTALL_PREFIX=/home/vboxuser/duckietown_ws/install/duckietown_msgs[0m
[5.120s] [34mcolcon.colcon_core.event_handler.log_command[0m [1;30mDEBUG[0m [32mInvoking command in '/home/vboxuser/duckietown_ws/build/duckietown_msgs': CMAKE_PREFIX_PATH=/opt/ros/humble /usr/bin/cmake --build /home/vboxuser/duckietown_ws/build/duckietown_msgs -- -j1 -l1[0m
[239.883s] [34mcolcon.colcon_core.event_handler.log_command[0m [1;30mDEBUG[0m [32mInvoked command in '/home/vboxuser/duckietown_ws/build/duckietown_msgs' returned '0': CMAKE_PREFIX_PATH=/opt/ros/humble /usr/bin/cmake --build /home/vboxuser/duckietown_ws/build/duckietown_msgs -- -j1 -l1[0m
[239.907s] [34mcolcon.colcon_core.event_handler.log_command[0m [1;30mDEBUG[0m [32mInvoking command in '/home/vboxuser/duckietown_ws/build/duckietown_msgs': CMAKE_PREFIX_PATH=/opt/ros/humble /usr/bin/cmake --install /home/vboxuser/duckietown_ws/build/duckietown_msgs[0m
[262.625s] [34mcolcon.colcon_core.environment[0m [1;30mLevel 1[0m create_environment_scripts_only(duckietown_msgs)
[262.625s] [34mcolcon.colcon_core.event_handler.log_command[0m [1;30mDEBUG[0m [32mInvoked command in '/home/vboxuser/duckietown_ws/build/duckietown_msgs' returned '0': CMAKE_PREFIX_PATH=/opt/ros/humble /usr/bin/cmake --install /home/vboxuser/duckietown_ws/build/duckietown_msgs[0m
[262.627s] [34mcolcon.colcon_core.environment[0m [1;30mLevel 1[0m checking '/home/vboxuser/duckietown_ws/install/duckietown_msgs' for CMake module files
[262.628s] [34mcolcon.colcon_core.environment[0m [1;30mLevel 1[0m checking '/home/vboxuser/duckietown_ws/install/duckietown_msgs' for CMake config files
[262.636s] [34mcolcon.colcon_core.shell[0m [1;30mLevel 1[0m create_environment_hook('duckietown_msgs', 'cmake_prefix_path')
[262.636s] [34mcolcon.colcon_core.shell[0m [1;30mINFO[0m Creating environment hook '/home/vboxuser/duckietown_ws/install/duckietown_msgs/share/duckietown_msgs/hook/cmake_prefix_path.ps1'
[262.637s] [34mcolcon.colcon_core.shell[0m [1;30mINFO[0m Creating environment descriptor '/home/vboxuser/duckietown_ws/install/duckietown_msgs/share/duckietown_msgs/hook/cmake_prefix_path.dsv'
[262.637s] [34mcolcon.colcon_core.shell[0m [1;30mINFO[0m Creating environment hook '/home/vboxuser/duckietown_ws/install/duckietown_msgs/share/duckietown_msgs/hook/cmake_prefix_path.sh'
[262.638s] [34mcolcon.colcon_core.environment[0m [1;30mLevel 1[0m checking '/home/vboxuser/duckietown_ws/install/duckietown_msgs/lib'
[262.639s] [34mcolcon.colcon_core.shell[0m [1;30mLevel 1[0m create_environment_hook('duckietown_msgs', 'ld_library_path_lib')
[262.639s] [34mcolcon.colcon_core.shell[0m [1;30mINFO[0m Creating environment hook '/home/vboxuser/duckietown_ws/install/duckietown_msgs/share/duckietown_msgs/hook/ld_library_path_lib.ps1'
[262.639s] [34mcolcon.colcon_core.shell[0m [1;30mINFO[0m Creating environment descriptor '/home/vboxuser/duckietown_ws/install/duckietown_msgs/share/duckietown_msgs/hook/ld_library_path_lib.dsv'
[262.640s] [34mcolcon.colcon_core.shell[0m [1;30mINFO[0m Creating environment hook '/home/vboxuser/duckietown_ws/install/duckietown_msgs/share/duckietown_msgs/hook/ld_library_path_lib.sh'
[262.640s] [34mcolcon.colcon_core.environment[0m [1;30mLevel 1[0m checking '/home/vboxuser/duckietown_ws/install/duckietown_msgs/bin'
[262.640s] [34mcolcon.colcon_core.environment[0m [1;30mLevel 1[0m checking '/home/vboxuser/duckietown_ws/install/duckietown_msgs/lib/pkgconfig/duckietown_msgs.pc'
[262.640s] [34mcolcon.colcon_core.environment[0m [1;30mLevel 1[0m checking '/home/vboxuser/duckietown_ws/install/duckietown_msgs/lib/python3.10/site-packages'
[262.643s] [34mcolcon.colcon_core.environment[0m [1;30mLevel 1[0m checking '/home/vboxuser/duckietown_ws/install/duckietown_msgs/bin'
[262.643s] [34mcolcon.colcon_core.shell[0m [1;30mINFO[0m Creating package script '/home/vboxuser/duckietown_ws/install/duckietown_msgs/share/duckietown_msgs/package.ps1'
[262.646s] [34mcolcon.colcon_core.shell[0m [1;30mINFO[0m Creating package descriptor '/home/vboxuser/duckietown_ws/install/duckietown_msgs/share/duckietown_msgs/package.dsv'
[262.647s] [34mcolcon.colcon_core.shell[0m [1;30mINFO[0m Creating package script '/home/vboxuser/duckietown_ws/install/duckietown_msgs/share/duckietown_msgs/package.sh'
[262.649s] [34mcolcon.colcon_core.shell[0m [1;30mINFO[0m Creating package script '/home/vboxuser/duckietown_ws/install/duckietown_msgs/share/duckietown_msgs/package.bash'
[262.660s] [34mcolcon.colcon_core.shell[0m [1;30mINFO[0m Creating package script '/home/vboxuser/duckietown_ws/install/duckietown_msgs/share/duckietown_msgs/package.zsh'
[262.663s] [34mcolcon.colcon_core.environment[0m [1;30mLevel 1[0m create_file_with_runtime_dependencies(/home/vboxuser/duckietown_ws/install/duckietown_msgs/share/colcon-core/packages/duckietown_msgs)
[262.665s] [34mcolcon.colcon_core.environment[0m [1;30mLevel 1[0m create_environment_scripts_only(duckietown_msgs)
[262.665s] [34mcolcon.colcon_core.environment[0m [1;30mLevel 1[0m checking '/home/vboxuser/duckietown_ws/install/duckietown_msgs' for CMake module files
[262.665s] [34mcolcon.colcon_core.environment[0m [1;30mLevel 1[0m checking '/home/vboxuser/duckietown_ws/install/duckietown_msgs' for CMake config files
[262.667s] [34mcolcon.colcon_core.shell[0m [1;30mLevel 1[0m create_environment_hook('duckietown_msgs', 'cmake_prefix_path')
[262.667s] [34mcolcon.colcon_core.shell[0m [1;30mINFO[0m Creating environment hook '/home/vboxuser/duckietown_ws/install/duckietown_msgs/share/duckietown_msgs/hook/cmake_prefix_path.ps1'
[262.670s] [34mcolcon.colcon_core.shell[0m [1;30mINFO[0m Creating environment descriptor '/home/vboxuser/duckietown_ws/install/duckietown_msgs/share/duckietown_msgs/hook/cmake_prefix_path.dsv'
[262.671s] [34mcolcon.colcon_core.shell[0m [1;30mINFO[0m Creating environment hook '/home/vboxuser/duckietown_ws/install/duckietown_msgs/share/duckietown_msgs/hook/cmake_prefix_path.sh'
[262.673s] [34mcolcon.colcon_core.environment[0m [1;30mLevel 1[0m checking '/home/vboxuser/duckietown_ws/install/duckietown_msgs/lib'
[262.673s] [34mcolcon.colcon_core.shell[0m [1;30mLevel 1[0m create_environment_hook('duckietown_msgs', 'ld_library_path_lib')
[262.673s] [34mcolcon.colcon_core.shell[0m [1;30mINFO[0m Creating environment hook '/home/vboxuser/duckietown_ws/install/duckietown_msgs/share/duckietown_msgs/hook/ld_library_path_lib.ps1'
[262.675s] [34mcolcon.colcon_core.shell[0m [1;30mINFO[0m Creating environment descriptor '/home/vboxuser/duckietown_ws/install/duckietown_msgs/share/duckietown_msgs/hook/ld_library_path_lib.dsv'
[262.676s] [34mcolcon.colcon_core.shell[0m [1;30mINFO[0m Creating environment hook '/home/vboxuser/duckietown_ws/install/duckietown_msgs/share/duckietown_msgs/hook/ld_library_path_lib.sh'
[262.678s] [34mcolcon.colcon_core.environment[0m [1;30mLevel 1[0m checking '/home/vboxuser/duckietown_ws/install/duckietown_msgs/bin'
[262.678s] [34mcolcon.colcon_core.environment[0m [1;30mLevel 1[0m checking '/home/vboxuser/duckietown_ws/install/duckietown_msgs/lib/pkgconfig/duckietown_msgs.pc'
[262.678s] [34mcolcon.colcon_core.environment[0m [1;30mLevel 1[0m checking '/home/vboxuser/duckietown_ws/install/duckietown_msgs/lib/python3.10/site-packages'
[262.678s] [34mcolcon.colcon_core.environment[0m [1;30mLevel 1[0m checking '/home/vboxuser/duckietown_ws/install/duckietown_msgs/bin'
[262.679s] [34mcolcon.colcon_core.shell[0m [1;30mINFO[0m Creating package script '/home/vboxuser/duckietown_ws/install/duckietown_msgs/share/duckietown_msgs/package.ps1'
[262.681s] [34mcolcon.colcon_core.shell[0m [1;30mINFO[0m Creating package descriptor '/home/vboxuser/duckietown_ws/install/duckietown_msgs/share/duckietown_msgs/package.dsv'
[262.682s] [34mcolcon.colcon_core.shell[0m [1;30mINFO[0m Creating package script '/home/vboxuser/duckietown_ws/install/duckietown_msgs/share/duckietown_msgs/package.sh'
[262.683s] [34mcolcon.colcon_core.shell[0m [1;30mINFO[0m Creating package script '/home/vboxuser/duckietown_ws/install/duckietown_msgs/share/duckietown_msgs/package.bash'
[262.685s] [34mcolcon.colcon_core.shell[0m [1;30mINFO[0m Creating package script '/home/vboxuser/duckietown_ws/install/duckietown_msgs/share/duckietown_msgs/package.zsh'
[262.686s] [34mcolcon.colcon_core.environment[0m [1;30mLevel 1[0m create_file_with_runtime_dependencies(/home/vboxuser/duckietown_ws/install/duckietown_msgs/share/colcon-core/packages/duckietown_msgs)
[262.689s] [34mcolcon.colcon_parallel_executor.executor.parallel[0m [1;30mDEBUG[0m [32mclosing loop[0m
[262.689s] [34mcolcon.colcon_parallel_executor.executor.parallel[0m [1;30mDEBUG[0m [32mloop closed[0m
[262.689s] [34mcolcon.colcon_parallel_executor.executor.parallel[0m [1;30mDEBUG[0m [32mrun_until_complete finished with '0'[0m
[262.689s] [34mcolcon.colcon_core.event_reactor[0m [1;30mDEBUG[0m [32mjoining thread[0m
[262.695s] [34mcolcon.colcon_core.plugin_system[0m [1;30mINFO[0m Skipping extension 'colcon_notification.desktop_notification.terminal_notifier': Not used on non-Darwin systems
[262.696s] [34mcolcon.colcon_core.plugin_system[0m [1;30mINFO[0m Skipping extension 'colcon_notification.desktop_notification.win32': Not used on non-Windows systems
[262.696s] [34mcolcon.colcon_notification.desktop_notification[0m [1;30mINFO[0m Sending desktop notification using 'notify2'
[262.727s] [34mcolcon.colcon_core.event_reactor[0m [1;30mDEBUG[0m [32mjoined thread[0m
[262.728s] [34mcolcon.colcon_core.shell[0m [1;30mINFO[0m Creating prefix script '/home/vboxuser/duckietown_ws/install/local_setup.ps1'
[262.735s] [34mcolcon.colcon_core.shell[0m [1;30mINFO[0m Creating prefix util module '/home/vboxuser/duckietown_ws/install/_local_setup_util_ps1.py'
[262.745s] [34mcolcon.colcon_core.shell[0m [1;30mINFO[0m Creating prefix chain script '/home/vboxuser/duckietown_ws/install/setup.ps1'
[262.757s] [34mcolcon.colcon_core.shell[0m [1;30mINFO[0m Creating prefix script '/home/vboxuser/duckietown_ws/install/local_setup.sh'
[262.759s] [34mcolcon.colcon_core.shell[0m [1;30mINFO[0m Creating prefix util module '/home/vboxuser/duckietown_ws/install/_local_setup_util_sh.py'
[262.761s] [34mcolcon.colcon_core.shell[0m [1;30mINFO[0m Creating prefix chain script '/home/vboxuser/duckietown_ws/install/setup.sh'
[262.764s] [34mcolcon.colcon_core.shell[0m [1;30mINFO[0m Creating prefix script '/home/vboxuser/duckietown_ws/install/local_setup.bash'
[262.786s] [34mcolcon.colcon_core.shell[0m [1;30mINFO[0m Creating prefix chain script '/home/vboxuser/duckietown_ws/install/setup.bash'
[262.788s] [34mcolcon.colcon_core.shell[0m [1;30mINFO[0m Creating prefix script '/home/vboxuser/duckietown_ws/install/local_setup.zsh'
[262.790s] [34mcolcon.colcon_core.shell[0m [1;30mINFO[0m Creating prefix chain script '/home/vboxuser/duckietown_ws/install/setup.zsh'
